$$S_guestbook$2e_core:ba
G__23003$jscomp$inline_2386:Fx
G__23004$jscomp$inline_2387:Gx
G__23005$jscomp$inline_2388:Hx
JSCompiler_StaticMethods_assoc_BANG_:qi
JSCompiler_StaticMethods_cleanUpTimeoutTimer_:cu
JSCompiler_StaticMethods_cleanUpXhr_:fu
JSCompiler_StaticMethods_cleanupKeysArray_:Kb
JSCompiler_StaticMethods_cljs$core$IMultiFn$_add_method$arity$3:jk
JSCompiler_StaticMethods_cljs$core$IMultiFn$_get_method$arity$2:ik
JSCompiler_StaticMethods_cljs$core$ITransientVector$_assoc_n_BANG_$arity$3:uh
JSCompiler_StaticMethods_convert:or
JSCompiler_StaticMethods_createInstance:Xt
JSCompiler_StaticMethods_decodeArray:vr
JSCompiler_StaticMethods_dispatchErrors_:eu
JSCompiler_StaticMethods_div:za
JSCompiler_StaticMethods_emitString:Xr
JSCompiler_StaticMethods_entry_at:Gi
JSCompiler_StaticMethods_error_:bu
JSCompiler_StaticMethods_fireListeners:Qt
JSCompiler_StaticMethods_forceChunk:aj
JSCompiler_StaticMethods_getOptions:Tt
JSCompiler_StaticMethods_getProgId_:Ut
JSCompiler_StaticMethods_getReadyState:hu
JSCompiler_StaticMethods_isZero:Ba
JSCompiler_StaticMethods_markAsRemoved:vt
JSCompiler_StaticMethods_negate:Ca
JSCompiler_StaticMethods_onReadyStateChangeHelper_:gu
JSCompiler_StaticMethods_parseString:ur
JSCompiler_StaticMethods_re_frame$router$IEventQueue$_fsm_trigger$arity$3:Tw
JSCompiler_StaticMethods_re_frame$router$IEventQueue$_pause$arity$2:Ww
JSCompiler_StaticMethods_re_frame$router$IEventQueue$_process_1st_event_in_queue$arity$1:Uw
JSCompiler_StaticMethods_re_frame$router$IEventQueue$_run_next_tick$arity$1:Vw
JSCompiler_StaticMethods_re_frame$router$IEventQueue$_run_queue$arity$1:Sw
JSCompiler_StaticMethods_removeByKey:yt
JSCompiler_StaticMethods_shiftRightUnsigned:Ia
JSCompiler_StaticMethods_subtract:Aa
JSCompiler_StaticMethods_sval:uf
JSCompiler_StaticMethods_toNumber:xa
JSCompiler_inline_result$jscomp$245:ht
JSCompiler_prototypeAlias:g
JSCompiler_temp$jscomp$256:Au
JSCompiler_temp$jscomp$257:Bu
L 0:a
L 1:b
L 10:n
L 11:p
L 12:q
L 13:u
L 14:y
L 15:E
L 16:G
L 17:N
L 18:V
L 19:aa
L 2:c
L 20:wa
L 21:Wa
L 22:wg
L 3:d
L 4:e
L 5:f
L 6:h
L 7:k
L 8:l
L 9:m
ajax$core$POST$cljs$0core$0IFn$0_invoke$0arity$0variadic:Eu
ajax$easy$default_error_handler:uu
ajax$easy$default_formats:pu
ajax$easy$default_handler:tu
ajax$easy$easy_ajax_request:wu
ajax$easy$keyword_request_format:qu
ajax$easy$keyword_response_format:su
ajax$easy$keyword_response_format_element:ru
ajax$easy$transform_handler:vu
ajax$formats$content_type_matches$cljs$0core$0IFn$0_invoke$0arity$01:Rs
ajax$formats$detect_content_type$cljs$0core$0IFn$0_invoke$0arity$02:Ss
ajax$formats$detect_response_format:Fs
ajax$formats$detect_response_format_read$cljs$0core$0IFn$0_invoke$0arity$01:Ts
ajax$formats$get_accept_entries$cljs$0core$0IFn$0_invoke$0arity$01:Qs
ajax$formats$get_accept_entries$cljs$0core$0IFn$0_invoke$0arity$02:Ps
ajax$formats$get_format$cljs$0core$0IFn$0_invoke$0arity$02:Os
ajax$formats$raw_response_format:Ns
ajax$interceptors$ApplyRequestFormat:zs
ajax$interceptors$DirectSubmission:Cs
ajax$interceptors$ProcessUrlParameters:Bs
ajax$interceptors$ResponseFormat:xs
ajax$interceptors$content_type_to_request_header:ws
ajax$interceptors$fail:vs
ajax$interceptors$get_response_format:Es
ajax$interceptors$map__GT_ResponseFormat:ys
ajax$interceptors$request_interceptors:Ds
ajax$interceptors$uri_with_params$cljs$0core$0IFn$0_invoke$0arity$01:As
ajax$json$json_request_format:Hs
ajax$json$json_response_format:Gs
ajax$protocols$_body:sq
ajax$protocols$_get_all_headers:rq
ajax$protocols$_get_response_header:tq
ajax$protocols$_js_ajax_request:oq
ajax$protocols$_process_request:vq
ajax$protocols$_process_response:wq
ajax$protocols$_status:pq
ajax$protocols$_status_text:qq
ajax$protocols$_was_aborted:uq
ajax$ring$make_ring_read:Us
ajax$simple$default_interceptors:mu
ajax$simple$js_handler$cljs$0core$0IFn$0_invoke$0arity$02:lu
ajax$simple$normalize_method:ju
ajax$simple$normalize_request:nu
ajax$simple$process_request:ou
ajax$simple$process_response:ku
ajax$transit$transit_read_fn:Ls
ajax$transit$transit_request_format$cljs$0core$0IFn$0_invoke$0arity$01:Ks
ajax$transit$transit_response_format:Ms
ajax$transit$transit_type:Is
ajax$transit$transit_write_fn:Js
ajax$url$key_encode:zq
ajax$url$key_value_pair_to_str:Bq
ajax$url$param_to_key_value_pairs$cljs$0core$0IFn$0_invoke$0arity$02:Fq
ajax$url$param_to_key_value_pairs$cljs$0core$0IFn$0_invoke$0arity$03:Eq
ajax$url$params_to_str$cljs$0core$0IFn$0_invoke$0arity$01:Hq
ajax$url$params_to_str$cljs$0core$0IFn$0_invoke$0arity$02:Gq
ajax$url$to_vec_key_transform:Dq
ajax$url$url_request_format$cljs$0core$0IFn$0_invoke$0arity$01:Iq
ajax$url$value_encode:Aq
ajax$url$vec_key_transform_fn$cljs$0core$0IFn$0_invoke$0arity$01:Cq
ajax$util$successful_response_codes_set:yq
ajax$util$throw_error:xq
ajax$xml_http_request$append:yu
ajax$xml_http_request$process_headers:zu
ajax$xml_http_request$ready_state:xu
ajax$xml_http_request$xmlhttprequest:Du
arr$jscomp$inline_1332:et
c__4556__auto___23002$jscomp$inline_2385:Ex
cached_hierarchy__4622__auto__$jscomp$inline_2164:fk
chunk__22904_22990$jscomp$inline_2378:xx
cljs:Ob
cljs$core:Pb
cljs$core$ArrayChunk:wf
cljs$core$ArrayIter:Uf
cljs$core$ArrayNode:$h
cljs$core$ArrayNodeIterator:di
cljs$core$ArrayNodeSeq:ki
cljs$core$Atom:qg
cljs$core$BitmapIndexedNode:Wh
cljs$core$BitmapIndexedNode$EMPTY:Zh
cljs$core$BlackNode:wi
cljs$core$Box:Ph
cljs$core$ChunkBuffer:vf
cljs$core$ChunkedCons:yf
cljs$core$ChunkedSeq:nh
cljs$core$Cons:of
cljs$core$EMPTY:cg
cljs$core$ES6EntriesIterator:Dh
cljs$core$ES6Iterator:Xd
cljs$core$ES6IteratorSeq:Zd
cljs$core$ES6SetEntriesIterator:Eh
cljs$core$Eduction:Ej
cljs$core$Empty:bg
cljs$core$EmptyList:mf
cljs$core$ExceptionInfo:mk
cljs$core$Fn:lc
cljs$core$HashCollisionNode:hi
cljs$core$HashMapIter:mi
cljs$core$HashSetIter:Oi
cljs$core$IAssociative:Fc
cljs$core$ICollection:sc
cljs$core$ICounted:oc
cljs$core$IDeref:Sc
cljs$core$IEmptyableCollection:qc
cljs$core$IEncodeClojure:Kj
cljs$core$IEncodeJS:Fj
cljs$core$IFn:mc
cljs$core$IIndexed:uc
cljs$core$IIndexed$_nth$dyn_19579:wc
cljs$core$IIterable:Bd
cljs$core$IKVReduce:Zc
cljs$core$IList:fd
cljs$core$ILookup:Cc
cljs$core$ILookup$_lookup$dyn_19585:Ec
cljs$core$IMap:Ic
cljs$core$IMeta:Tc
cljs$core$INIT:Vf
cljs$core$INext:Ac
cljs$core$IPrintWithWriter:kd
cljs$core$IRecord:gd
cljs$core$IReduce:Wc
cljs$core$IReduce$_reduce$dyn_19607:Yc
cljs$core$IReversible:hd
cljs$core$ISeq:xc
cljs$core$ISeqable:cd
cljs$core$ISequential:ed
cljs$core$ISet:Mc
cljs$core$ISwap$_swap_BANG_$dyn_19678:Ad
cljs$core$ITER_SYMBOL:fc
cljs$core$IVector:Qc
cljs$core$IndexedSeq:I
cljs$core$IndexedSeqIterator:se
cljs$core$KeySeq:Ji
cljs$core$Keyword:D
cljs$core$LazySeq:tf
cljs$core$List:Be
cljs$core$List$EMPTY:Wd
cljs$core$Many:Zf
cljs$core$MapEntry:bh
cljs$core$MetaFn:He
cljs$core$MultiFn:ak
cljs$core$NONE:$f
cljs$core$NeverEquiv:zh
cljs$core$NodeIterator:Vh
cljs$core$NodeSeq:ii
cljs$core$PROTOCOL_SENTINEL:t
cljs$core$PersistentArrayMap:v
cljs$core$PersistentArrayMap$EMPTY:W
cljs$core$PersistentArrayMap$HASHMAP_THRESHOLD:Lh
cljs$core$PersistentArrayMap$createAsIfByAssoc:Ee
cljs$core$PersistentArrayMap$fromArray:Nh
cljs$core$PersistentArrayMapIterator:Hh
cljs$core$PersistentArrayMapSeq:Gh
cljs$core$PersistentHashMap:ni
cljs$core$PersistentHashMap$EMPTY:Mh
cljs$core$PersistentHashMap$fromArrays:pi
cljs$core$PersistentHashSet:Pi
cljs$core$PersistentHashSet$EMPTY:Ri
cljs$core$PersistentQueue:xh
cljs$core$PersistentQueue$EMPTY:yh
cljs$core$PersistentQueueIter:vh
cljs$core$PersistentQueueSeq:wh
cljs$core$PersistentTreeMap:Fi
cljs$core$PersistentTreeMapSeq:si
cljs$core$PersistentTreeSet:Si
cljs$core$PersistentVector:Y
cljs$core$PersistentVector$EMPTY:Ae
cljs$core$PersistentVector$EMPTY_NODE:Z
cljs$core$PersistentVector$fromArray:hh
cljs$core$RSeq:te
cljs$core$Range:$i
cljs$core$RangeChunk:Yi
cljs$core$RangeIterator:Zi
cljs$core$RangedIterator:Yg
cljs$core$RecordIter:Ch
cljs$core$RedNode:vi
cljs$core$Reduced:ee
cljs$core$Repeat:zg
cljs$core$START:Wf
cljs$core$SeqIter:Xf
cljs$core$Single:ag
cljs$core$StringBufferWriter:Dd
cljs$core$StringIter:Tf
cljs$core$Subvec:ph
cljs$core$Symbol:Pd
cljs$core$TransformerIterator:eg
cljs$core$TransientArrayMap:Kh
cljs$core$TransientHashMap:oi
cljs$core$TransientHashSet:Qi
cljs$core$TransientVector:ch
cljs$core$UUID:lk
cljs$core$ValSeq:Ki
cljs$core$Var:Rd
cljs$core$VectorNode:Ng
cljs$core$_EQ_:F
cljs$core$_STAR_print_fn_STAR_:Rb
cljs$core$_STAR_print_level_STAR_:Tb
cljs$core$_STAR_print_newline_STAR_:Sb
cljs$core$_add_watch:md
cljs$core$_as_transient:pd
cljs$core$_assoc:Gc
cljs$core$_assoc_BANG_:sd
cljs$core$_assoc_n:Rc
cljs$core$_chunked_first:ud
cljs$core$_chunked_rest:vd
cljs$core$_clj__GT_js:Gj
cljs$core$_clone:nc
cljs$core$_conj:tc
cljs$core$_conj_BANG_:qd
cljs$core$_count:pc
cljs$core$_deref:B
cljs$core$_disjoin:Nc
cljs$core$_dissoc:Jc
cljs$core$_drop_first:td
cljs$core$_empty:rc
cljs$core$_equiv:ad
cljs$core$_find:Hc
cljs$core$_first:yc
cljs$core$_global_hierarchy:Oj
cljs$core$_hash:bd
cljs$core$_indexOf$cljs$0core$0IFn$0_invoke$0arity$03:M
cljs$core$_iterator:Cd
cljs$core$_js__GT_clj:Lj
cljs$core$_key:Kc
cljs$core$_kv_reduce:$c
cljs$core$_lastIndexOf$cljs$0core$0IFn$0_invoke$0arity$03:P
cljs$core$_lookup:Dc
cljs$core$_meta:Uc
cljs$core$_name:wd
cljs$core$_namespace:xd
cljs$core$_next:Bc
cljs$core$_nth:vc
cljs$core$_peek:Oc
cljs$core$_persistent_BANG_:rd
cljs$core$_pop:Pc
cljs$core$_pr_writer:ld
cljs$core$_reduce:Xc
cljs$core$_remove_watch:od
cljs$core$_reset_BANG_:yd
cljs$core$_rest:zc
cljs$core$_rseq:id
cljs$core$_seq:dd
cljs$core$_swap_BANG_:zd
cljs$core$_val:Lc
cljs$core$_with_meta:Vc
cljs$core$_write:jd
cljs$core$aclone:gc
cljs$core$apply:Sd
cljs$core$apply$cljs$0core$0IFn$0_invoke$0arity$02:U
cljs$core$apply$cljs$0core$0IFn$0_invoke$0arity$03:Nf
cljs$core$apply$cljs$0core$0IFn$0_invoke$0arity$04:Of
cljs$core$apply$cljs$0core$0IFn$0_invoke$0arity$05:Pf
cljs$core$apply$cljs$0core$0IFn$0_invoke$0arity$0variadic:Qf
cljs$core$apply_to:Hf
cljs$core$apply_to_simple$cljs$0core$0IFn$0_invoke$0arity$03:Jf
cljs$core$apply_to_simple$cljs$0core$0IFn$0_invoke$0arity$04:Kf
cljs$core$apply_to_simple$cljs$0core$0IFn$0_invoke$0arity$05:Lf
cljs$core$apply_to_simple$cljs$0core$0IFn$0_invoke$0arity$06:Mf
cljs$core$array_QMARK_:bc
cljs$core$array__GT_transient_hash_map:Oh
cljs$core$array_copy:Ue
cljs$core$array_for:Vg
cljs$core$array_index_of:Fh
cljs$core$array_map:Ii
cljs$core$array_reduce$cljs$0core$0IFn$0_invoke$0arity$02:le
cljs$core$array_reduce$cljs$0core$0IFn$0_invoke$0arity$03:me
cljs$core$array_reduce$cljs$0core$0IFn$0_invoke$0arity$04:ne
cljs$core$assoc:T
cljs$core$assoc_BANG_$cljs$0core$0IFn$0_invoke$0arity$03:Gf
cljs$core$assoc_in:Kg
cljs$core$atom$cljs$0core$0IFn$0_invoke$0arity$01:rg
cljs$core$balance_left:ui
cljs$core$balance_left_del:yi
cljs$core$balance_right:xi
cljs$core$balance_right_del:zi
cljs$core$bit_count:kf
cljs$core$boolean$0:Xe
cljs$core$bounded_count:Cf
cljs$core$build_subvec:qh
cljs$core$butlast:Ui
cljs$core$char$0:hf
cljs$core$char_escapes:nj
cljs$core$chunkIteratorSeq:dg
cljs$core$chunk_append:Af
cljs$core$chunk_buffer:xf
cljs$core$chunk_cons:zf
cljs$core$chunked_seq:gh
cljs$core$chunked_seq$cljs$0core$0IFn$0_invoke$0arity$04:fh
cljs$core$chunked_seq$cljs$0core$0IFn$0_invoke$0arity$05:oh
cljs$core$chunked_seq_QMARK_:Te
cljs$core$ci_reduce$cljs$0core$0IFn$0_invoke$0arity$02:je
cljs$core$ci_reduce$cljs$0core$0IFn$0_invoke$0arity$03:ke
cljs$core$clj__GT_js:Ij
cljs$core$clone_and_set$cljs$0core$0IFn$0_invoke$0arity$03:Rh
cljs$core$coll_QMARK_:Ne
cljs$core$complement:jg
cljs$core$completing$cljs$0core$0IFn$0_invoke$0arity$02:ef
cljs$core$concat:Ef
cljs$core$conj:ze
cljs$core$conj_BANG_:Ff
cljs$core$cons:Q
cljs$core$contains_QMARK_:Ze
cljs$core$count:O
cljs$core$counted_QMARK_:oe
cljs$core$create_array_node_seq:fi
cljs$core$create_array_node_seq$cljs$0core$0IFn$0_invoke$0arity$01:ei
cljs$core$create_array_node_seq$cljs$0core$0IFn$0_invoke$0arity$03:li
cljs$core$create_inode_seq:Yh
cljs$core$create_inode_seq$cljs$0core$0IFn$0_invoke$0arity$01:Xh
cljs$core$create_inode_seq$cljs$0core$0IFn$0_invoke$0arity$03:ji
cljs$core$create_node:bi
cljs$core$create_node$cljs$0core$0IFn$0_invoke$0arity$06:ci
cljs$core$create_node$cljs$0core$0IFn$0_invoke$0arity$07:ai
cljs$core$create_tree_map_seq:ti
cljs$core$deref:ie
cljs$core$disj:Le
cljs$core$dissoc:Fe
cljs$core$do_assoc:Wg
cljs$core$doall$cljs$0core$0IFn$0_invoke$0arity$01:gj
cljs$core$dominates:Xj
cljs$core$drop$cljs$0core$0IFn$0_invoke$0arity$02:vg
cljs$core$drop_last$cljs$0core$0IFn$0_invoke$0arity$02:xg
cljs$core$drop_while$cljs$0core$0IFn$0_invoke$0arity$02:yg
cljs$core$edit_and_set$cljs$0core$0IFn$0_invoke$0arity$04:Th
cljs$core$empty:Ce
cljs$core$empty_QMARK_:Me
cljs$core$empty_ordered_hash:ae
cljs$core$empty_unordered_hash:ce
cljs$core$enable_console_print_BANG_:$b
cljs$core$equiv_map:Bh
cljs$core$equiv_sequential:ue
cljs$core$es6_iterator:Yd
cljs$core$es6_iterator_seq:Ud
cljs$core$even_QMARK_:ig
cljs$core$every_QMARK_:gg
cljs$core$ex_info$cljs$0core$0IFn$0_invoke$0arity$02:nk
cljs$core$filter$cljs$0core$0IFn$0_invoke$0arity$02:Dg
cljs$core$find_and_cache_best_method:Yj
cljs$core$first:J
cljs$core$flatten:Gg
cljs$core$fn_QMARK_:Ge
cljs$core$fnil$cljs$0core$0IFn$0_invoke$0arity$02:lg
cljs$core$frequencies:ej
cljs$core$gensym$cljs$0core$0IFn$0_invoke$0arity$01:Dj
cljs$core$gensym_counter:Cj
cljs$core$get:C
cljs$core$get_global_hierarchy:Pj
cljs$core$get_in$cljs$0core$0IFn$0_invoke$0arity$03:Jg
cljs$core$hash:Md
cljs$core$hash_collision_node_find_index:gi
cljs$core$hash_map:Hi
cljs$core$hash_ordered_coll:$d
cljs$core$hash_string:Ld
cljs$core$hash_symbol:Od
cljs$core$hash_unordered_coll:be
cljs$core$identity:df
cljs$core$ifn_QMARK_:Ye
cljs$core$imul:Fd
cljs$core$inc:de
cljs$core$indexed_QMARK_:pe
cljs$core$inode_kv_reduce:Uh
cljs$core$instance_QMARK_:Nd
cljs$core$interleave:Bg
cljs$core$into:mg
cljs$core$into_array$cljs$0core$0IFn$0_invoke$0arity$02:hc
cljs$core$isa_QMARK_$cljs$0core$0IFn$0_invoke$0arity$03:Tj
cljs$core$iter:Yf
cljs$core$iter_reduce$cljs$0core$0IFn$0_invoke$0arity$02:$e
cljs$core$iter_reduce$cljs$0core$0IFn$0_invoke$0arity$03:af
cljs$core$iterable_QMARK_:Td
cljs$core$js__GT_clj$cljs$0core$0IFn$0_invoke$0arity$0variadic:Mj
cljs$core$js_symbol_QMARK_:kc
cljs$core$juxt$cljs$0core$0IFn$0_invoke$0arity$02:fj
cljs$core$keep$cljs$0core$0IFn$0_invoke$0arity$02:pg
cljs$core$key:kh
cljs$core$key__GT_js$cljs$0core$0IFn$0_invoke$0arity$02:Hj
cljs$core$key_test:Qh
cljs$core$keys:Ih
cljs$core$keyword:rf
cljs$core$keyword_identical_QMARK_:pf
cljs$core$last:ye
cljs$core$lift_ns:zj
cljs$core$linear_traversal_nth$cljs$0core$0IFn$0_invoke$0arity$03:De
cljs$core$list:nf
cljs$core$list_QMARK_:lf
cljs$core$lookup_sentinel:Ve
cljs$core$m3_fmix:Id
cljs$core$m3_mix_H1:Hd
cljs$core$m3_mix_K1:Gd
cljs$core$map:X
cljs$core$map_QMARK_:Qe
cljs$core$map_entry_QMARK_:jh
cljs$core$map_indexed$cljs$0core$0IFn$0_invoke$0arity$02:og
cljs$core$mapcat$cljs$0core$0IFn$0_invoke$0arity$0variadic:Cg
cljs$core$mapv$cljs$0core$0IFn$0_invoke$0arity$02:Hg
cljs$core$max:gf
cljs$core$max_key:Wi
cljs$core$merge:Li
cljs$core$meta:Je
cljs$core$missing_protocol:z
cljs$core$name:sf
cljs$core$namespace:qf
cljs$core$native_satisfies_QMARK_:x
cljs$core$never_equiv:Ah
cljs$core$new_path:Rg
cljs$core$next:K
cljs$core$next_STAR_:If
cljs$core$nil_QMARK_:ac
cljs$core$nil_iter:Sf
cljs$core$not:cc
cljs$core$not_empty:Rf
cljs$core$nth:re
cljs$core$nth$cljs$0core$0IFn$0_invoke$0arity$02:qe
cljs$core$nth$cljs$0core$0IFn$0_invoke$0arity$03:S
cljs$core$parents$cljs$0core$0IFn$0_invoke$0arity$01:Uj
cljs$core$partial:kg
cljs$core$partition$cljs$0core$0IFn$0_invoke$0arity$03:Ig
cljs$core$peek:Ke
cljs$core$pop_tail:Xg
cljs$core$pr_opts:Ub
cljs$core$pr_sb_with_opts:vj
cljs$core$pr_sequential_writer:jj
cljs$core$pr_str_STAR_:Ed
cljs$core$pr_str_with_opts:wj
cljs$core$pr_writer:rj
cljs$core$pr_writer_impl:qj
cljs$core$prefers_STAR_:Wj
cljs$core$prim_seq$cljs$0core$0IFn$0_invoke$0arity$02:R
cljs$core$print_map:sj
cljs$core$print_meta_QMARK_:pj
cljs$core$print_prefix_map:Aj
cljs$core$println$cljs$0core$0IFn$0_invoke$0arity$0variadic:xj
cljs$core$push_tail:Sg
cljs$core$pv_clone_node:Pg
cljs$core$pv_fresh_node:Og
cljs$core$pv_reduce$cljs$0core$0IFn$0_invoke$0arity$04:$g
cljs$core$pv_reduce$cljs$0core$0IFn$0_invoke$0arity$05:ah
cljs$core$quot:jf
cljs$core$quote_string:oj
cljs$core$range$cljs$0core$0IFn$0_invoke$0arity$03:bj
cljs$core$ranged_iterator:Zg
cljs$core$re_find:ij
cljs$core$re_matches:hj
cljs$core$record_QMARK_:Re
cljs$core$reduce:jc
cljs$core$reduce$cljs$0core$0IFn$0_invoke$0arity$02:bf
cljs$core$reduce$cljs$0core$0IFn$0_invoke$0arity$03:ic
cljs$core$reduce_kv:cf
cljs$core$reduced:fe
cljs$core$reduced_QMARK_:ge
cljs$core$remove$cljs$0core$0IFn$0_invoke$0arity$02:Eg
cljs$core$remove_pair:Sh
cljs$core$repeat$cljs$0core$0IFn$0_invoke$0arity$02:Ag
cljs$core$reset_BANG_:sg
cljs$core$reset_cache:Vj
cljs$core$rest:Vd
cljs$core$select_keys:Mi
cljs$core$seq:H
cljs$core$seq_QMARK_:We
cljs$core$seq_reduce:we
cljs$core$seq_reduce$cljs$0core$0IFn$0_invoke$0arity$02:ve
cljs$core$seq_reduce$cljs$0core$0IFn$0_invoke$0arity$03:xe
cljs$core$sequential_QMARK_:Pe
cljs$core$set:Ti
cljs$core$set_QMARK_:Oe
cljs$core$some:hg
cljs$core$split_with:dj
cljs$core$spread:Df
cljs$core$str:A
cljs$core$string_hash_cache:Jd
cljs$core$string_hash_cache_count:Kd
cljs$core$string_print:mj
cljs$core$strip_ns:yj
cljs$core$subvec:rh
cljs$core$swap_BANG_:tg
cljs$core$symbol:Qd
cljs$core$t_cljs$0core18405:Qb
cljs$core$tail_off:Qg
cljs$core$take$cljs$0core$0IFn$0_invoke$0arity$02:ug
cljs$core$take_nth$cljs$0core$0IFn$0_invoke$0arity$02:cj
cljs$core$take_while$cljs$0core$0IFn$0_invoke$0arity$02:Xi
cljs$core$throw_no_method_error:Zj
cljs$core$to_array:Bf
cljs$core$transduce$cljs$0core$0IFn$0_invoke$0arity$04:ff
cljs$core$transformer_iterator:fg
cljs$core$tree_map_add:Bi
cljs$core$tree_map_append:Ci
cljs$core$tree_map_kv_reduce:Ai
cljs$core$tree_map_remove:Di
cljs$core$tree_map_replace:Ei
cljs$core$tree_map_seq_push:ri
cljs$core$tree_seq:Fg
cljs$core$truth_:w
cljs$core$tv_editable_root:dh
cljs$core$tv_editable_tail:eh
cljs$core$tv_ensure_editable:sh
cljs$core$tv_push_tail:th
cljs$core$type:dc
cljs$core$type__GT_str:ec
cljs$core$unchecked_array_for:Ug
cljs$core$unreduced:he
cljs$core$update:Mg
cljs$core$update_in:Lg
cljs$core$val:lh
cljs$core$vals:Jh
cljs$core$vec:ih
cljs$core$vector:mh
cljs$core$vector_QMARK_:Se
cljs$core$vector_index_out_of_bounds:Tg
cljs$core$with_meta:Ie
cljs$core$write_all$cljs$0core$0IFn$0_invoke$0arity$0variadic:lj
cljs$core$zipmap:Vi
cljs$cst$keyword$_LT__DASH_:cl
cljs$cst$keyword$aborted:zn
cljs$cst$keyword$add_DASH_event:Kl
cljs$cst$keyword$after:wl
cljs$cst$keyword$alt_DASH_impl:tj
cljs$cst$keyword$ancestors:Sj
cljs$cst$keyword$api:kn
cljs$cst$keyword$app_SLASH_initialize:vk
cljs$cst$keyword$arglists:zk
cljs$cst$keyword$args:ln
cljs$cst$keyword$atom:io
cljs$cst$keyword$auto_DASH_run:Bk
cljs$cst$keyword$before:Bl
cljs$cst$keyword$body:Gm
cljs$cst$keyword$callback:um
cljs$cst$keyword$character:yl
cljs$cst$keyword$childContextTypes:Wk
cljs$cst$keyword$class:Om
cljs$cst$keyword$className:jm
cljs$cst$keyword$cljsLegacyRender:Sm
cljs$cst$keyword$cljs_DOT_core_SLASH_not_DASH_found:Ni
cljs$cst$keyword$coeffects:Ym
cljs$cst$keyword$coerce:fl
cljs$cst$keyword$cofx:gn
cljs$cst$keyword$col:Lm
cljs$cst$keyword$column:Cn
cljs$cst$keyword$componentWillUnmount:Ml
cljs$cst$keyword$component_DASH_did_DASH_update:vn
cljs$cst$keyword$component_DASH_will_DASH_unmount:hm
cljs$cst$keyword$connection_DASH_established:Tn
cljs$cst$keyword$constructor:Uk
cljs$cst$keyword$content_DASH_type:Ek
cljs$cst$keyword$contextType:Rl
cljs$cst$keyword$contextTypes:On
cljs$cst$keyword$db:Fn
cljs$cst$keyword$db_DASH_handler:sm
cljs$cst$keyword$debug:em
cljs$cst$keyword$default:hk
cljs$cst$keyword$deregister_DASH_event_DASH_handler:Nn
cljs$cst$keyword$descendants:Rj
cljs$cst$keyword$description:$k
cljs$cst$keyword$dispatch:Qm
cljs$cst$keyword$dispatch_DASH_later:tl
cljs$cst$keyword$dispatch_DASH_n:qn
cljs$cst$keyword$displayName:Bm
cljs$cst$keyword$display_DASH_name:bm
cljs$cst$keyword$div:Zl
cljs$cst$keyword$div_DOT_columns_GT_div_DOT_column:Ck
cljs$cst$keyword$div_DOT_content_GT_div_DOT_columns_DOT_is_DASH_centered_GT_div_DOT_column_DOT_is_DASH_two_DASH_thirds:In
cljs$cst$keyword$div_DOT_field:Kk
cljs$cst$keyword$div_DOT_notification_DOT_is_DASH_danger:ml
cljs$cst$keyword$do_DASH_fx:Yl
cljs$cst$keyword$doc:zm
cljs$cst$keyword$dup:Yb
cljs$cst$keyword$effects:Xl
cljs$cst$keyword$end_DASH_column:el
cljs$cst$keyword$end_DASH_line:Rk
cljs$cst$keyword$eof:pm
cljs$cst$keyword$error:Ul
cljs$cst$keyword$error_DASH_handler:Pn
cljs$cst$keyword$errors:go
cljs$cst$keyword$event:Vl
cljs$cst$keyword$ex_DASH_kind:Wm
cljs$cst$keyword$exception:nl
cljs$cst$keyword$f:Hl
cljs$cst$keyword$failed:El
cljs$cst$keyword$failure:Mm
cljs$cst$keyword$fallback_DASH_impl:uj
cljs$cst$keyword$file:Qn
cljs$cst$keyword$finally:al
cljs$cst$keyword$finish_DASH_run:ol
cljs$cst$keyword$flush_DASH_dom:xn
cljs$cst$keyword$flush_DASH_on_DASH_newline:Vb
cljs$cst$keyword$for:cm
cljs$cst$keyword$format:lm
cljs$cst$keyword$fsm_DASH_state:Tk
cljs$cst$keyword$function_DASH_components:Fl
cljs$cst$keyword$fx:on
cljs$cst$keyword$fx_DASH_handler:jn
cljs$cst$keyword$getDerivedStateFromError:Hm
cljs$cst$keyword$getDerivedStateFromProps:Wl
cljs$cst$keyword$getInitialState:gl
cljs$cst$keyword$global_DASH_interceptors:Gn
cljs$cst$keyword$group:nm
cljs$cst$keyword$groupEnd:ho
cljs$cst$keyword$h3:nn
cljs$cst$keyword$handler:Am
cljs$cst$keyword$handlers:Vk
cljs$cst$keyword$headers:Lk
cljs$cst$keyword$hierarchy:Gl
cljs$cst$keyword$id:Un
cljs$cst$keyword$idle:rk
cljs$cst$keyword$illegal_DASH_argument:vl
cljs$cst$keyword$inject_DASH_global_DASH_interceptors:fn
cljs$cst$keyword$input_DOT_button_DOT_is_DASH_primary:mm
cljs$cst$keyword$input_DOT_input:qk
cljs$cst$keyword$interceptors:sl
cljs$cst$keyword$java:an
cljs$cst$keyword$json:sn
cljs$cst$keyword$json_DASH_verbose:Rn
cljs$cst$keyword$key:En
cljs$cst$keyword$keyword:eo
cljs$cst$keyword$keyword_DASH_fn:Jj
cljs$cst$keyword$keywordize_DASH_keys:Nj
cljs$cst$keyword$keywords_QMARK_:im
cljs$cst$keyword$label_DOT_label:Cm
cljs$cst$keyword$li:Pk
cljs$cst$keyword$line:yk
cljs$cst$keyword$list:An
cljs$cst$keyword$loaded_QMARK_:hl
cljs$cst$keyword$log:Gk
cljs$cst$keyword$map:Em
cljs$cst$keyword$message:Dn
cljs$cst$keyword$message_SLASH_add:Hk
cljs$cst$keyword$messages:Dl
cljs$cst$keyword$messages_SLASH_list:Pm
cljs$cst$keyword$messages_SLASH_loading_QMARK_:Yk
cljs$cst$keyword$messages_SLASH_set:wm
cljs$cst$keyword$meta:Xb
cljs$cst$keyword$method:Mk
cljs$cst$keyword$more_DASH_marker:kj
cljs$cst$keyword$ms:sk
cljs$cst$keyword$name:Xm
cljs$cst$keyword$namespaced_DASH_map:Sk
cljs$cst$keyword$nil:pn
cljs$cst$keyword$no_DASH_cache:kl
cljs$cst$keyword$not_DASH_initialized:rm
cljs$cst$keyword$ns:ok
cljs$cst$keyword$on_DASH_change:tk
cljs$cst$keyword$on_DASH_click:bl
cljs$cst$keyword$on_DASH_dispose:Ik
cljs$cst$keyword$on_DASH_set:bn
cljs$cst$keyword$on_DASH_write:Bn
cljs$cst$keyword$optional:xm
cljs$cst$keyword$original_DASH_event:co
cljs$cst$keyword$original_DASH_text:Ak
cljs$cst$keyword$p:Nl
cljs$cst$keyword$params:fo
cljs$cst$keyword$parents:Qj
cljs$cst$keyword$parse:ql
cljs$cst$keyword$parse_DASH_error:ll
cljs$cst$keyword$path:jl
cljs$cst$keyword$pause:km
cljs$cst$keyword$paused:tn
cljs$cst$keyword$prefix:am
cljs$cst$keyword$print_DASH_length:Zb
cljs$cst$keyword$processing_DASH_request:dn
cljs$cst$keyword$progress_DASH_handler:Wn
cljs$cst$keyword$queue:Zm
cljs$cst$keyword$raw:rl
cljs$cst$keyword$re_DASH_frame_DOT_std_DASH_interceptors_SLASH_not_DASH_found:Kn
cljs$cst$keyword$read:Fm
cljs$cst$keyword$readably:Wb
cljs$cst$keyword$reader:xl
cljs$cst$keyword$reader_DASH_error:vm
cljs$cst$keyword$reader_DASH_exception:wn
cljs$cst$keyword$readers:wk
cljs$cst$keyword$reagentRender:Vm
cljs$cst$keyword$reagent_DASH_render:Al
cljs$cst$keyword$render:uk
cljs$cst$keyword$request_DASH_received:en
cljs$cst$keyword$response:Ln
cljs$cst$keyword$response_DASH_format:jo
cljs$cst$keyword$response_DASH_ready:Xn
cljs$cst$keyword$resume:dm
cljs$cst$keyword$run_DASH_queue:ao
cljs$cst$keyword$running:Nm
cljs$cst$keyword$scheduled:Sl
cljs$cst$keyword$sequential:mn
cljs$cst$keyword$server_DASH_error:Il
cljs$cst$keyword$set:Jl
cljs$cst$keyword$shouldComponentUpdate:Sn
cljs$cst$keyword$stack:Um
cljs$cst$keyword$state:il
cljs$cst$keyword$status:Xk
cljs$cst$keyword$status_DASH_text:Qk
cljs$cst$keyword$strable:Ll
cljs$cst$keyword$string:Nk
cljs$cst$keyword$strip:Hn
cljs$cst$keyword$struct_DOT_core_SLASH_nomsg:Jm
cljs$cst$keyword$struct_DOT_core_SLASH_notexists:Fk
cljs$cst$keyword$sub:yn
cljs$cst$keyword$submit:Dk
cljs$cst$keyword$symbol:Tl
cljs$cst$keyword$tag:Zk
cljs$cst$keyword$test:dl
cljs$cst$keyword$text:Yn
cljs$cst$keyword$textarea_DOT_textarea:Ol
cljs$cst$keyword$time:Ql
cljs$cst$keyword$timeout:xk
cljs$cst$keyword$timestamp:zl
cljs$cst$keyword$translate:Km
cljs$cst$keyword$trigger:Cl
cljs$cst$keyword$trim_DASH_v:rn
cljs$cst$keyword$type:tm
cljs$cst$keyword$ul_DOT_messages:un
cljs$cst$keyword$unnamed:om
cljs$cst$keyword$unwrap:ul
cljs$cst$keyword$uri:Im
cljs$cst$keyword$url_DASH_params:fm
cljs$cst$keyword$val:Bj
cljs$cst$keyword$validate:Jk
cljs$cst$keyword$validator:Jn
cljs$cst$keyword$value:$l
cljs$cst$keyword$vec_DASH_strategy:ym
cljs$cst$keyword$vector:gm
cljs$cst$keyword$warn:$m
cljs$cst$keyword$with_DASH_credentials:Tm
cljs$cst$keyword$write:Ok
cljs$cst$keyword$writer:Vn
cljs$cst$keyword$yield:Mn
cljs$cst$symbol$Inf:hn
cljs$cst$symbol$NaN:$n
cljs$cst$symbol$_DASH_Inf:cn
cljs$cst$symbol$_SLASH_:pl
cljs$cst$symbol$guestbook_DOT_core:Pl
cljs$cst$symbol$guestbook_DOT_core_SLASH_home:Dm
cljs$cst$symbol$home:pk
cljs$cst$symbol$inst:Rm
cljs$cst$symbol$js:qm
cljs$cst$symbol$queue:bo
cljs$cst$symbol$uuid:Zn
cljs$reader$_STAR_default_data_reader_fn_STAR_:$v
cljs$reader$_STAR_tag_table_STAR_:aw
cljs$reader$check:Yv
cljs$reader$days_in_month:Vv
cljs$reader$parse_and_validate_timestamp:Zv
cljs$reader$parse_int:Xv
cljs$reader$timestamp_regex:Wv
cljs$tools$reader$edn$dispatch_macros:xv
cljs$tools$reader$edn$escape_char:Lv
cljs$tools$reader$edn$macro_terminating_QMARK_:sv
cljs$tools$reader$edn$macros:tv
cljs$tools$reader$edn$not_constituent_QMARK_:uv
cljs$tools$reader$edn$read:Gv
cljs$tools$reader$edn$read$cljs$0core$0IFn$0_invoke$0arity$02:Uv
cljs$tools$reader$edn$read$cljs$0core$0IFn$0_invoke$0arity$04:Fv
cljs$tools$reader$edn$read_char_STAR_:Cv
cljs$tools$reader$edn$read_delimited:Ev
cljs$tools$reader$edn$read_discard:Rv
cljs$tools$reader$edn$read_dispatch:wv
cljs$tools$reader$edn$read_keyword:Ov
cljs$tools$reader$edn$read_list:Hv
cljs$tools$reader$edn$read_map:Jv
cljs$tools$reader$edn$read_meta:Pv
cljs$tools$reader$edn$read_namespaced_map:Sv
cljs$tools$reader$edn$read_number:Kv
cljs$tools$reader$edn$read_set:Qv
cljs$tools$reader$edn$read_string_STAR_:Mv
cljs$tools$reader$edn$read_symbol:Nv
cljs$tools$reader$edn$read_symbolic_value:Tv
cljs$tools$reader$edn$read_tagged:yv
cljs$tools$reader$edn$read_token$cljs$0core$0IFn$0_invoke$0arity$04:vv
cljs$tools$reader$edn$read_unicode_char$cljs$0core$0IFn$0_invoke$0arity$04:Av
cljs$tools$reader$edn$read_unicode_char$cljs$0core$0IFn$0_invoke$0arity$05:Bv
cljs$tools$reader$edn$read_unmatched_delimiter:zv
cljs$tools$reader$edn$read_vector:Iv
cljs$tools$reader$edn$starting_line_col_info:Dv
cljs$tools$reader$impl$commons$float_pattern:mv
cljs$tools$reader$impl$commons$int_pattern:kv
cljs$tools$reader$impl$commons$match_number:ov
cljs$tools$reader$impl$commons$matches_QMARK_:nv
cljs$tools$reader$impl$commons$parse_symbol:pv
cljs$tools$reader$impl$commons$ratio_pattern:lv
cljs$tools$reader$impl$commons$read_comment:qv
cljs$tools$reader$impl$commons$read_past:jv
cljs$tools$reader$impl$commons$throwing_reader:rv
cljs$tools$reader$impl$errors$duplicate_keys_error:hv
cljs$tools$reader$impl$errors$eof_error$cljs$0core$0IFn$0_invoke$0arity$0variadic:av
cljs$tools$reader$impl$errors$illegal_arg_error$cljs$0core$0IFn$0_invoke$0arity$0variadic:$u
cljs$tools$reader$impl$errors$reader_error$cljs$0core$0IFn$0_invoke$0arity$0variadic:Zu
cljs$tools$reader$impl$errors$throw_bad_char:dv
cljs$tools$reader$impl$errors$throw_bad_octal_number:gv
cljs$tools$reader$impl$errors$throw_dup_keys:iv
cljs$tools$reader$impl$errors$throw_eof_reading$cljs$0core$0IFn$0_invoke$0arity$0variadic:ev
cljs$tools$reader$impl$errors$throw_ex$cljs$0core$0IFn$0_invoke$0arity$0variadic:Yu
cljs$tools$reader$impl$errors$throw_invalid:cv
cljs$tools$reader$impl$errors$throw_invalid_unicode_digit:fv
cljs$tools$reader$impl$errors$throw_odd_map:bv
cljs$tools$reader$impl$inspect$dispatch_inspect:gk
cljs$tools$reader$impl$inspect$inspect_STAR_:kk
cljs$tools$reader$impl$inspect$inspect_STAR__col:Xu
cljs$tools$reader$impl$utils$char_code:Nu
cljs$tools$reader$impl$utils$namespace_keys:Mu
cljs$tools$reader$impl$utils$numeric_QMARK_:Lu
cljs$tools$reader$impl$utils$whitespace_QMARK_:Ku
cljs$tools$reader$impl$utils$ws_rx:Ju
cljs$tools$reader$reader_types$PushbackReader:Vu
cljs$tools$reader$reader_types$StringReader:Uu
cljs$tools$reader$reader_types$get_column_number:Su
cljs$tools$reader$reader_types$get_file_name:Tu
cljs$tools$reader$reader_types$get_line_number:Ru
cljs$tools$reader$reader_types$indexing_reader_QMARK_:Wu
cljs$tools$reader$reader_types$peek_char:Pu
cljs$tools$reader$reader_types$read_char:Ou
cljs$tools$reader$reader_types$unread:Qu
clojure$data$atom_diff:bx
clojure$data$diff:ex
clojure$data$diff_associative:fx
clojure$data$diff_associative_key:dx
clojure$data$diff_sequential:gx
clojure$data$diff_set:hx
clojure$data$diff_similar:jx
clojure$data$equality_partition:ix
clojure$data$vectorize:cx
clojure$set$bubble_max_key:To
clojure$set$difference:Wo
clojure$set$intersection:Vo
clojure$set$union$cljs$0core$0IFn$0_invoke$0arity$02:Uo
clojure$string$join$cljs$0core$0IFn$0_invoke$0arity$02:so
clojure$string$replace:ro
clojure$string$replace_all:po
clojure$string$replace_with:qo
clojure$string$split$cljs$0core$0IFn$0_invoke$0arity$03:to
cognitect$transit$KeywordHandler:ls
cognitect$transit$ListHandler:ns
cognitect$transit$MapBuilder:is
cognitect$transit$MapHandler:os
cognitect$transit$SetHandler:ps
cognitect$transit$SymbolHandler:ms
cognitect$transit$UUIDHandler:rs
cognitect$transit$VectorBuilder:js
cognitect$transit$VectorHandler:qs
cognitect$transit$WithMeta:ss
cognitect$transit$WithMetaHandler:ts
cognitect$transit$opts_merge:hs
cognitect$transit$reader$cljs$0core$0IFn$0_invoke$0arity$02:ks
cognitect$transit$writer$cljs$0core$0IFn$0_invoke$0arity$02:us
com$cognitect$transit$caching$ReadCache:Pq
com$cognitect$transit$caching$WriteCache:Oq
com$cognitect$transit$caching$idxToCode:Nq
com$cognitect$transit$caching$isCacheable:Mq
com$cognitect$transit$eq$equals:Rq
com$cognitect$transit$eq$hashArrayLike:Xq
com$cognitect$transit$eq$hashCode:Wq
com$cognitect$transit$eq$hashCodeCounter:Qq
com$cognitect$transit$eq$hashCombine:Sq
com$cognitect$transit$eq$hashMapLike:Vq
com$cognitect$transit$eq$stringCodeCache:Tq
com$cognitect$transit$eq$stringCodeCacheSize:Uq
com$cognitect$transit$handlers$ArrayHandler:Ir
com$cognitect$transit$handlers$BooleanHandler:Hr
com$cognitect$transit$handlers$BufferHandler:Tr
com$cognitect$transit$handlers$DateHandler:Lr
com$cognitect$transit$handlers$Handlers:Vr
com$cognitect$transit$handlers$IntegerHandler:Gr
com$cognitect$transit$handlers$KeywordHandler:Nr
com$cognitect$transit$handlers$MapHandler:Jr
com$cognitect$transit$handlers$NilHandler:Dr
com$cognitect$transit$handlers$NumberHandler:Fr
com$cognitect$transit$handlers$StringHandler:Er
com$cognitect$transit$handlers$SymbolHandler:Or
com$cognitect$transit$handlers$TaggedHandler:Pr
com$cognitect$transit$handlers$TransitArrayMapHandler:Rr
com$cognitect$transit$handlers$TransitMapHandler:Sr
com$cognitect$transit$handlers$TransitSetHandler:Qr
com$cognitect$transit$handlers$UUIDHandler:Mr
com$cognitect$transit$handlers$Uint8ArrayHandler:Ur
com$cognitect$transit$handlers$VerboseDateHandler:Kr
com$cognitect$transit$handlers$ctorGuid:yr
com$cognitect$transit$handlers$ctorGuidProperty:Ar
com$cognitect$transit$handlers$padZeros:Cr
com$cognitect$transit$handlers$typeTag:Br
com$cognitect$transit$impl$decoder$Decoder:tr
com$cognitect$transit$impl$decoder$Tag:sr
com$cognitect$transit$impl$reader$JSONUnmarshaller:wr
com$cognitect$transit$impl$reader$Reader:xr
com$cognitect$transit$impl$writer$JSONMarshaller:Wr
com$cognitect$transit$impl$writer$Writer:es
com$cognitect$transit$impl$writer$emitMap:cs
com$cognitect$transit$impl$writer$emitObjects:Yr
com$cognitect$transit$impl$writer$isForeignObject:bs
com$cognitect$transit$impl$writer$isStringableKey:$r
com$cognitect$transit$impl$writer$marshal:Zr
com$cognitect$transit$impl$writer$maybeQuoted:ds
com$cognitect$transit$impl$writer$stringableKeys:as
com$cognitect$transit$reader:fs
com$cognitect$transit$types$ITERATOR:Yq
com$cognitect$transit$types$Keyword:cr
com$cognitect$transit$types$MAX_INT:ar
com$cognitect$transit$types$MIN_INT:br
com$cognitect$transit$types$Symbol:dr
com$cognitect$transit$types$TaggedValue:Zq
com$cognitect$transit$types$TransitArrayMap:kr
com$cognitect$transit$types$TransitArrayMapIterator:gr
com$cognitect$transit$types$TransitMap:jr
com$cognitect$transit$types$TransitMapIterator:hr
com$cognitect$transit$types$TransitSet:qr
com$cognitect$transit$types$UUID:fr
com$cognitect$transit$types$hexFor:er
com$cognitect$transit$types$map:pr
com$cognitect$transit$types$mapEquals:ir
com$cognitect$transit$types$print:lr
com$cognitect$transit$types$printMap:mr
com$cognitect$transit$types$printSet:nr
com$cognitect$transit$types$set:rr
com$cognitect$transit$types$taggedValue:$q
com$cognitect$transit$util$isArray:Kq
com$cognitect$transit$util$objectKeys:Jq
com$cognitect$transit$util$randHex:Lq
com$cognitect$transit$writer:gs
count__22905_22991$jscomp$inline_2379:yx
cuerdas$core$format:fw
cuerdas$core$indexed_format:ew
cuerdas$core$interpolate_format:dw
cuerdas$core$replace:cw
cuerdas$core$replace_all:bw
cur$jscomp$inline_2155:Hu
docMode$jscomp$inline_1333:ft
f__20749__auto__$jscomp$inline_2375:vx
goog:ca
goog$Disposable:kt
goog$Disposable$MonitoringMode$OFF:lt
goog$Timer$callOnce:Rt
goog$UID_PROPERTY_:ma
goog$array$find:Na
goog$array$forEach:Ma
goog$array$indexOf:La
goog$array$toArray:Pa
goog$async$nextTick:jt
goog$bind:qa
goog$bindJs_:pa
goog$bindNative_:oa
goog$dom$TagName:Qa
goog$dom$TagName$APPLET:Ra
goog$dom$TagName$BASE:Sa
goog$dom$TagName$EMBED:Ta
goog$dom$TagName$IFRAME:Ua
goog$dom$TagName$LINK:Va
goog$dom$TagName$MATH:Xa
goog$dom$TagName$META:Ya
goog$dom$TagName$OBJECT:Za
goog$dom$TagName$SCRIPT:$a
goog$dom$TagName$STYLE:ab
goog$dom$TagName$SVG:bb
goog$dom$TagName$TEMPLATE:cb
goog$dom$createElement_:it
goog$dom$safe$setIframeSrc:Fb
goog$events$BrowserEvent:qt
goog$events$BrowserEvent$IE_POINTER_TYPE_MAP:rt
goog$events$BrowserFeature$HAS_W3C_EVENT_SUPPORT:mt
goog$events$BrowserFeature$PASSIVE_EVENTS:ot
goog$events$BrowserFeature$SET_KEY_CODE_TO_PREVENT_DEFAULT:nt
goog$events$Event:pt
goog$events$EventTarget:Pt
goog$events$LISTENER_MAP_PROP_:zt
goog$events$LISTENER_WRAPPER_PROP_:Ot
goog$events$Listenable$IMPLEMENTED_BY_PROP:st
goog$events$ListenableKey$counter_:tt
goog$events$Listener:ut
goog$events$ListenerMap:wt
goog$events$ListenerMap$findListenerIndex_:xt
goog$events$fireListener:Nt
goog$events$fireListeners_:Mt
goog$events$getListenerMap_:Gt
goog$events$getOnString_:It
goog$events$getProxy:Ht
goog$events$handleBrowserEvent_:Jt
goog$events$listen:Ct
goog$events$listenOnce:Dt
goog$events$listen_:Ft
goog$events$listenerCountEstimate_:Bt
goog$events$onStringMap_:At
goog$events$unlisten:Kt
goog$events$unlistenByKey:Lt
goog$events$wrapListener:Et
goog$getUid:la
goog$global:da
goog$html$SafeHtml:Bb
goog$html$SafeHtml$EMPTY:Eb
goog$html$SafeHtml$TYPE_MARKER_GOOG_HTML_SECURITY_PRIVATE_:Cb
goog$html$SafeHtml$unwrapTrustedHTML:Db
goog$html$SafeScript:nb
goog$html$SafeStyle:wb
goog$html$SafeStyleSheet:xb
goog$html$TrustedResourceUrl:ob
goog$html$TrustedResourceUrl$CONSTRUCTOR_TOKEN_PRIVATE_:pb
goog$html$TrustedResourceUrl$TYPE_MARKER_GOOG_HTML_SECURITY_PRIVATE_:qb
goog$inherits:ra
goog$isArray:ha
goog$isArrayLike:ia
goog$isFunction:ja
goog$isObject:ka
goog$isString:ea
goog$labs$userAgent$platform$isIphone:Vs
goog$labs$userAgent$util$matchUserAgent:Ab
goog$labs$userAgent$util$userAgent_:ub
goog$net$DefaultXmlHttpFactory:Wt
goog$net$XhrIo:Yt
goog$net$XhrIo$HTTP_SCHEME_PATTERN:$t
goog$net$XhrIo$METHODS_WITH_FORM_DATA:au
goog$net$XhrIo$ResponseType$DEFAULT:Zt
goog$net$XhrIo$buildProgressEvent_:iu
goog$net$XhrIo$isContentTypeHeader_:Oa
goog$net$XhrIo$shouldUseXhr2Timeout_:du
goog$net$XmlHttp$factory_:Vt
goog$net$XmlHttpFactory:St
goog$nullFunction:fa
goog$object$PROTOTYPE_FIELDS_:gb
goog$object$createSet:ib
goog$object$extend:hb
goog$object$get:fb
goog$object$getKeys:eb
goog$object$map:db
goog$reflect$cache:ta
goog$reflect$sinkValue:sa
goog$string$Const:jb
goog$string$Const$EMPTY:mb
goog$string$Const$GOOG_STRING_CONSTRUCTOR_TOKEN_PRIVATE_:kb
goog$string$Const$TYPE_MARKER_:lb
goog$string$StringBuffer:Nb
goog$string$internal$caseInsensitiveContains:tb
goog$string$internal$compareElements_:vb
goog$string$internal$isEmptyOrWhitespace:rb
goog$string$internal$trim:sb
goog$string$splitLimit:Gb
goog$structs$Map:Jb
goog$structs$Map$defaultEquals:Lb
goog$structs$forEach:Ib
goog$structs$getValues:Hb
goog$typeOf:r
goog$uidCounter_:na
goog$uri$utils$splitRe_:Mb
goog$userAgent$EDGE:Ys
goog$userAgent$GECKO:Zs
goog$userAgent$IE:Xs
goog$userAgent$OPERA:Ws
goog$userAgent$VERSION:ct
goog$userAgent$WEBKIT:$s
goog$userAgent$getDocumentMode_:bt
goog$userAgent$isVersionOrHigher:gt
goog$userAgent$isVersionOrHigherCache_:ua
guestbook$core$errors_component:rx
guestbook$core$home:tx
guestbook$core$message_form:sx
guestbook$core$message_list:px
guestbook$core$send_message_BANG_:qx
guestbook$validation$message_schema:nw
hierarchy__4623__auto__$jscomp$inline_2165:bk
i__22906_22992$jscomp$inline_2380:zx
interceptors$jscomp$inline_2372:ox
listener$jscomp$inline_1586:zw
method_cache__4621__auto__$jscomp$inline_2163:ek
method_table__4619__auto__$jscomp$inline_2161:ck
module$contents$goog$math$Long_Long:va
module$contents$goog$math$Long_Long$fromBits:ya
module$contents$goog$math$Long_Long$fromNumber:Ha
module$contents$goog$math$Long_Long$fromString:Ka
module$contents$goog$math$Long_MAX_VALUE_:Ja
module$contents$goog$math$Long_MIN_VALUE_:Da
module$contents$goog$math$Long_NEG_ONE_:Fa
module$contents$goog$math$Long_ONE_:Ea
module$contents$goog$math$Long_ZERO_:Ga
module$node_modules$react$index:oo
module$node_modules$react_dom$index:lq
navigator$jscomp$inline_1329:at
navigator$jscomp$inline_303:yb
opt_object$jscomp$inline_2152:Fu
opts$jscomp$inline_2374:ux
part$jscomp$inline_2156:Iu
parts$jscomp$inline_2154:Gu
prefer_table__4620__auto__$jscomp$inline_2162:dk
re_frame$cofx$inject_db:ax
re_frame$core$reg_event_db:mx
re_frame$core$reg_sub$cljs$0core$0IFn$0_invoke$0arity$0variadic:nx
re_frame$db$app_db:uw
re_frame$events$_STAR_handling_STAR_:Jw
re_frame$fx$dispatch_later:$w
re_frame$fx$do_fx:Zw
re_frame$interceptor$__GT_interceptor:Ew
re_frame$interceptor$assoc_coeffect:Gw
re_frame$interceptor$enqueue:Iw
re_frame$interceptor$get_coeffect$cljs$0core$0IFn$0_invoke$0arity$02:Fw
re_frame$interceptor$invoke_interceptors:Hw
re_frame$interop$add_on_dispose_BANG_:rw
re_frame$interop$deref_QMARK_:qw
re_frame$interop$empty_queue:ng
re_frame$interop$reagent_id:tw
re_frame$interop$set_timeout_BANG_:sw
re_frame$loggers$console:ww
re_frame$loggers$loggers:vw
re_frame$registrar$clear_handlers:Dw
re_frame$registrar$get_handler$cljs$0core$0IFn$0_invoke$0arity$02:Bw
re_frame$registrar$kind__GT_id__GT_handler:Aw
re_frame$registrar$register_handler:Cw
re_frame$router$dispatch:Yw
re_frame$router$event_queue:Xw
re_frame$router$later_fns:Rw
re_frame$settings$store:yw
re_frame$std_interceptors$db_handler__GT_interceptor:kx
re_frame$std_interceptors$inject_global_interceptors:lx
re_frame$subs$cache_and_return:Lw
re_frame$subs$cache_lookup$cljs$0core$0IFn$0_invoke$0arity$02:Mw
re_frame$subs$deref_input_signals:Pw
re_frame$subs$map_vals:Ow
re_frame$subs$query__GT_reaction:Kw
re_frame$subs$reg_sub:Qw
re_frame$subs$subscribe:Nw
re_frame$utils$first_in_vector:xw
reagent:uo
reagent$core$after_render:kq
reagent$dom$render_comp:nq
reagent$dom$roots:mq
reagent$impl:vo
reagent$impl$batching$RenderQueue:No
reagent$impl$batching$compare_mount_order:Jo
reagent$impl$batching$enqueue:Mo
reagent$impl$batching$fake_raf:Ho
reagent$impl$batching$mount_count:Go
reagent$impl$batching$next_tick:Io
reagent$impl$batching$queue_render:Po
reagent$impl$batching$ratom_flush:Ko
reagent$impl$batching$render_queue:Oo
reagent$impl$batching$run_funs:Lo
reagent$impl$component$_STAR_current_component_STAR_:rp
reagent$impl$component$built_in_static_method_names:Dp
reagent$impl$component$cache_react_class:Fp
reagent$impl$component$camelify_map_keys:zp
reagent$impl$component$cljsify:Cp
reagent$impl$component$create_class:Ep
reagent$impl$component$custom_wrapper:vp
reagent$impl$component$dash_to_method_name:yp
reagent$impl$component$functional_render:Hp
reagent$impl$component$functional_render_fn:Jp
reagent$impl$component$functional_render_memo_fn:Ip
reagent$impl$component$functional_wrap_render:Gp
reagent$impl$component$get_wrapper:wp
reagent$impl$component$map_to_js:Bp
reagent$impl$component$obligatory:xp
reagent$impl$component$props_argv:sp
reagent$impl$component$rat_opts:qp
reagent$impl$component$reagent_class_QMARK_:tp
reagent$impl$component$wrap_funs:Ap
reagent$impl$component$wrap_render:up
reagent$impl$input$input_component_set_value:Mp
reagent$impl$input$input_handle_change:Np
reagent$impl$input$input_node_set_value:Lp
reagent$impl$input$input_render_setup:Op
reagent$impl$input$input_spec:Pp
reagent$impl$input$these_inputs_have_selection_api:Kp
reagent$impl$protocols$as_element:Ro
reagent$impl$protocols$get_id:Qo
reagent$impl$protocols$make_element:So
reagent$impl$template:Qp
reagent$impl$template$HiccupTag:bq
reagent$impl$template$cache_get:Up
reagent$impl$template$convert_custom_prop_value:Zp
reagent$impl$template$convert_prop_value:Wp
reagent$impl$template$custom_kv_conv:Yp
reagent$impl$template$custom_prop_name_cache:Xp
reagent$impl$template$default_compiler:jq
reagent$impl$template$expand_seq:hq
reagent$impl$template$function_element:dq
reagent$impl$template$kv_conv:Vp
reagent$impl$template$make_element:aq
reagent$impl$template$maybe_function_element:eq
reagent$impl$template$native_element:gq
reagent$impl$template$prop_name_cache:Tp
reagent$impl$template$re_tag:Sp
reagent$impl$template$reag_element:cq
reagent$impl$template$set_id_class:$p
reagent$impl$template$t_reagent$0impl$0template20333:Rp
reagent$impl$template$tag_name_cache:fq
reagent$impl$template$vec_to_elem:iq
reagent$impl$util$_STAR_always_update_STAR_:Do
reagent$impl$util$capitalize:yo
reagent$impl$util$class_names:Co
reagent$impl$util$dash_to_prop_name:zo
reagent$impl$util$dont_camel_case:xo
reagent$impl$util$fun_name:Ao
reagent$impl$util$get_react_key:Eo
reagent$impl$util$is_client:wo
reagent$impl$util$named_QMARK_:Bo
reagent$impl$util$react_key_from_vec:Fo
reagent$ratom$RAtom:ep
reagent$ratom$RCursor:jp
reagent$ratom$Reaction:mp
reagent$ratom$Track:ip
reagent$ratom$_STAR_ratom_context_STAR_:Xo
reagent$ratom$add_on_dispose_BANG_:lp
reagent$ratom$add_w:$o
reagent$ratom$atom:fp
reagent$ratom$cached_reaction:gp
reagent$ratom$deref_capture:Yo
reagent$ratom$dispose_BANG_:kp
reagent$ratom$flush_BANG_:np
reagent$ratom$handle_reaction_change:nd
reagent$ratom$make_reaction:hp
reagent$ratom$notify_deref_watcher_BANG_:Zo
reagent$ratom$notify_w:bp
reagent$ratom$pr_atom:cp
reagent$ratom$rea_queue:dp
reagent$ratom$remove_w:ap
reagent$ratom$run_in_reaction:pp
reagent$ratom$temp_reaction:op
req$jscomp$inline_1430:Cu
rhex$jscomp$inline_1248:zr
rxn_22995$jscomp$inline_2382:Bx
rxn_23009$jscomp$inline_2390:Jx
seq__22903_22989$jscomp$inline_2377:wx
seq__22903_23001__$1$jscomp$inline_2384:Dx
shadow$js$files:ko
shadow$js$jsRequire:no
shadow$js$nativeRequires:lo
shadow$js$requireStack:mo
struct$core$build_step:iw
struct$core$dissoc_in:gw
struct$core$normalize_step_entry:kw
struct$core$normalize_step_map_entry:jw
struct$core$notopts_QMARK_:hw
struct$core$required:ow
struct$core$string:pw
struct$core$strip_values:lw
struct$core$validate$cljs$0core$0IFn$0_invoke$0arity$03:mw
temp__5735__auto___23000$jscomp$inline_2383:Cx
userAgent$jscomp$inline_304:zb
vec__22915_22993$jscomp$inline_2381:Ax
vec__22929_23007$jscomp$inline_2389:Ix
version$jscomp$inline_1331:dt
