ESC:fg
SAFE_HTML_TYPE_MARKER_GOOG_HTML_SECURITY_PRIVATE_:kf
STRING_CONST_TYPE_MARKER__GOOG_STRING_SECURITY_PRIVATE_:lf
TRUSTED_RESOURCE_URL_TYPE_MARKER_GOOG_HTML_SECURITY_PRIVATE_:mf
__extmap:P
__hash:G
__meta:qa
_entries:ka
_hash:fc
_keys:hc
_marshaller:vc
_meta:hb
_name:za
_next:fb
_rest:Gd
_seq:wc
accesses:ve
active_:ic
actualEventTarget_:nf
add_left:we
add_right:xe
afn:N
afterRender:ad
ajax$protocols$AjaxImpl$_js_ajax_request$arity$3:Hd
ajax$protocols$AjaxResponse$_body$arity$1:Id
ajax$protocols$AjaxResponse$_get_all_headers$arity$1:Jd
ajax$protocols$AjaxResponse$_get_response_header$arity$2:Kd
ajax$protocols$AjaxResponse$_status$arity$1:Ld
ajax$protocols$AjaxResponse$_status_text$arity$1:Md
ajax$protocols$AjaxResponse$_was_aborted$arity$1:Nd
ajax$protocols$Interceptor$_process_request$arity$2:xc
ajax$protocols$Interceptor$_process_response$arity$2:yc
args:zc
arr:o
arrayBuilder:jc
ascending_QMARK_:Sb
auto_run:wb
backingMap:ia
balance_left:ye
balance_right:ze
base_count:Ae
beforeFlush:bd
bitmap:ma
blacken:Db
bucket:Tb
bucketIdx:Nb
buf:Ub
buf_len:Od
buf_pos:kb
buffer_:Ob
cacheSize:pf
cachedOptions_:Be
cached_hierarchy:cd
callOnce:dd
captured:Pd
caught:Qd
cause:Ce
cb:De
chunk:sa
chunk_next:Ac
ci:Bc
cljs$core$APersistentVector$:Rd
cljs$core$Fn$:Ee
cljs$core$IAssociative$:qf
cljs$core$IAssociative$_assoc$arity$3:Ba
cljs$core$IChunk$_drop_first$arity$1:Sd
cljs$core$IChunkedNext$_chunked_next$arity$1:Td
cljs$core$IChunkedSeq$:gg
cljs$core$IChunkedSeq$_chunked_first$arity$1:ed
cljs$core$IChunkedSeq$_chunked_rest$arity$1:kc
cljs$core$ICloneable$_clone$arity$1:Ha
cljs$core$ICollection$:hg
cljs$core$ICollection$_conj$arity$2:ea
cljs$core$ICounted$:rf
cljs$core$ICounted$_count$arity$1:aa
cljs$core$IDeref$:Fe
cljs$core$IDeref$_deref$arity$1:cb
cljs$core$IEditableCollection$:sf
cljs$core$IEditableCollection$_as_transient$arity$1:lc
cljs$core$IEmptyableCollection$:tf
cljs$core$IEmptyableCollection$_empty$arity$1:ha
cljs$core$IEncodeClojure$:ig
cljs$core$IEncodeClojure$_js__GT_clj$arity$2:uf
cljs$core$IEncodeJS$:vf
cljs$core$IEncodeJS$_clj__GT_js$arity$1:wf
cljs$core$IEquiv$_equiv$arity$2:H
cljs$core$IFind$_find$arity$2:Eb
cljs$core$IFn$:jg
cljs$core$IFn$_invoke$arity$0:D
cljs$core$IFn$_invoke$arity$1:h
cljs$core$IFn$_invoke$arity$10:La
cljs$core$IFn$_invoke$arity$11:Ma
cljs$core$IFn$_invoke$arity$12:Na
cljs$core$IFn$_invoke$arity$13:Oa
cljs$core$IFn$_invoke$arity$14:Pa
cljs$core$IFn$_invoke$arity$15:Qa
cljs$core$IFn$_invoke$arity$16:Ra
cljs$core$IFn$_invoke$arity$17:Sa
cljs$core$IFn$_invoke$arity$18:Ta
cljs$core$IFn$_invoke$arity$19:Ua
cljs$core$IFn$_invoke$arity$2:j
cljs$core$IFn$_invoke$arity$20:Va
cljs$core$IFn$_invoke$arity$21:Cc
cljs$core$IFn$_invoke$arity$22:Ud
cljs$core$IFn$_invoke$arity$3:l
cljs$core$IFn$_invoke$arity$4:I
cljs$core$IFn$_invoke$arity$5:R
cljs$core$IFn$_invoke$arity$6:xa
cljs$core$IFn$_invoke$arity$7:Wa
cljs$core$IFn$_invoke$arity$8:Ia
cljs$core$IFn$_invoke$arity$9:Xa
cljs$core$IFn$_invoke$arity$variadic:B
cljs$core$IHash$:Vd
cljs$core$IHash$_hash$arity$1:U
cljs$core$IIndexed$:Ge
cljs$core$IIndexed$_nth$arity$2:S
cljs$core$IIndexed$_nth$arity$3:ra
cljs$core$IIterable$:kg
cljs$core$IIterable$_iterator$arity$1:Ja
cljs$core$IKVReduce$:lg
cljs$core$IKVReduce$_kv_reduce$arity$3:xb
cljs$core$IList$:mg
cljs$core$ILookup$:xf
cljs$core$ILookup$_lookup$arity$2:oa
cljs$core$ILookup$_lookup$arity$3:V
cljs$core$IMap$:yf
cljs$core$IMap$_dissoc$arity$2:Pb
cljs$core$IMapEntry$:ng
cljs$core$IMapEntry$_key$arity$1:Wd
cljs$core$IMapEntry$_val$arity$1:Xd
cljs$core$IMeta$:He
cljs$core$IMeta$_meta$arity$1:Y
cljs$core$INamed$:Ie
cljs$core$INamed$_name$arity$1:Dc
cljs$core$INamed$_namespace$arity$1:Ec
cljs$core$INext$:Fc
cljs$core$INext$_next$arity$1:ta
cljs$core$IPrintWithWriter$:da
cljs$core$IPrintWithWriter$_pr_writer$arity$3:T
cljs$core$IRecord$:og
cljs$core$IReduce$:zf
cljs$core$IReduce$_reduce$arity$2:ua
cljs$core$IReduce$_reduce$arity$3:va
cljs$core$IReset$_reset_BANG_$arity$2:$a
cljs$core$IReversible$:pg
cljs$core$IReversible$_rseq$arity$1:Fb
cljs$core$ISeq$:W
cljs$core$ISeq$_first$arity$1:ya
cljs$core$ISeq$_rest$arity$1:Aa
cljs$core$ISeqable$:Je
cljs$core$ISeqable$_seq$arity$1:Z
cljs$core$ISequential$:Yd
cljs$core$ISet$:Af
cljs$core$ISet$_disjoin$arity$2:Zd
cljs$core$IStack$_peek$arity$1:Gb
cljs$core$IStack$_pop$arity$1:Hb
cljs$core$ISwap$_swap_BANG_$arity$2:fd
cljs$core$ISwap$_swap_BANG_$arity$3:gd
cljs$core$ISwap$_swap_BANG_$arity$4:hd
cljs$core$ISwap$_swap_BANG_$arity$5:jd
cljs$core$ITransientAssociative$_assoc_BANG_$arity$3:mc
cljs$core$ITransientCollection$_conj_BANG_$arity$2:nc
cljs$core$ITransientCollection$_persistent_BANG_$arity$1:Gc
cljs$core$IVector$:qg
cljs$core$IVector$_assoc_n$arity$3:lb
cljs$core$IWatchable$_add_watch$arity$3:Hc
cljs$core$IWatchable$_notify_watches$arity$3:kd
cljs$core$IWatchable$_remove_watch$arity$2:Ic
cljs$core$IWithMeta$_with_meta$arity$2:ba
cljs$core$IWriter$_write$arity$2:Ke
cljs$lang$applyTo:K
cljs$lang$ctorPrWriter:$d
cljs$lang$ctorStr:oc
cljs$lang$maxFixedArity:J
cljs$lang$protocol_mask$partition$:ae
cljs$lang$protocol_mask$partition0$:C
cljs$lang$protocol_mask$partition1$:M
cljs$lang$test:rg
cljs$lang$type:ld
cljs$tools$reader$reader_types$IPushbackReader$unread$arity$2:Le
cljs$tools$reader$reader_types$IndexingReader$:sg
cljs$tools$reader$reader_types$IndexingReader$get_column_number$arity$1:Bf
cljs$tools$reader$reader_types$IndexingReader$get_file_name$arity$1:Cf
cljs$tools$reader$reader_types$IndexingReader$get_line_number$arity$1:Df
cljs$tools$reader$reader_types$Reader$peek_char$arity$1:Jc
cljs$tools$reader$reader_types$Reader$read_char$arity$1:Vb
cljsDOMValue:md
cljsInputDirty:Me
cljsInputLive:be
cljsLegacyRender:Ef
cljsMountOrder:ce
cljsRenderedValue:Ff
cljsState:Gf
clojure$data$Diff$diff_similar$arity$2:Hf
clojure$data$EqualityPartition$equality_partition$arity$1:If
cnt:F
coll:nd
collision_hash:Ib
com$cognitect$transit$equals:ib
com$cognitect$transit$hashCode:mb
comp:gb
completed:de
componentQueue:od
content_type:nb
count_:Jb
custom:Jf
decoder:Kf
defaultHandler:ee
default_dispatch_val:Lf
defaults:Kc
dirty_QMARK_:Qb
dispatch_fn:O
disposed_:fe
edit:ja
editable_QMARK_:pc
ensure_editable:Wb
equals:yb
errorDispatched_:ge
eventTargetListeners_:Xb
event_:Lc
ext_map_iter:Ne
fields:Mf
fn:Mc
fn_to_element:Oe
fqn:Ea
front:Ya
fseq:qc
fsm_state:pd
gen:Nc
getKeys:zb
getListener:he
getSetImmediateEmulator_:Nf
getValues:Oc
handlerForForeign:Pc
handlers:Ca
hasNext:fa
has_nil_QMARK_:Ka
hashCode:la
hash_map:Ab
hierarchy:qd
high_:ga
idx:pa
ieProgId_:Pe
inAbort_:Qc
inOpen_:ie
inSend_:rd
initSecurityPrivateDoNotAccessOrElse_:Kb
inode_assoc:ob
inode_assoc_BANG_:pb
inode_find:Rc
inode_lookup:Yb
inode_seq:Sc
inode_without:Tc
inputEl:je
isEmpty:sd
iter:rc
keySet:Zb
keys_:Za
kv_reduce:$b
lastErrorCode_:sc
lastError_:td
lastUri_:ke
len:ac
low_:na
mapBuilder:jb
map_:Lb
marshaller:Of
meta18406:Pf
meta20334:Qf
method_cache:ud
method_table:vd
more:qb
mseq:ca
multi:Rf
next_entry:Uc
next_iter:rb
nil_val:Fa
nocache_QMARK_:Qe
nodes:sb
ns:Vc
obj:le
objectBuilder:Re
off:Ga
onProgressHandler_:Se
onReadyStateChangeEntryPoint_:Sf
onReadyStateChange_:Te
on_dispose:Ue
on_dispose_arr:Ve
on_set:Tf
opts:Bb
parentEventTarget_:We
post_event_callback_fns:Uf
preferBuffers:me
preferStrings:wd
prefer_table:Vf
privateDoNotAccessOrElseSafeHtmlWrappedValue_:Xe
privateDoNotAccessOrElseTrustedResourceUrlWrappedValue_:Wf
progressEventsEnabled_:Ye
propagationStopped_:bc
ratom:wa
rdr:Ze
reaction:Wc
reagReactionCache:ne
reagent$impl$protocols$Compiler$as_element$arity$2:$e
reagent$impl$protocols$Compiler$get_id$arity$1:Xf
reagent$impl$protocols$Compiler$make_element$arity$5:af
reagent$ratom$IDisposable$add_on_dispose_BANG_$arity$2:bf
reagent$ratom$IDisposable$dispose_BANG_$arity$1:oe
reagentInput:Yf
reagentRefFn:cf
reagentRender:Rb
rear:ab
record:Zf
redden:Xc
removed:tc
responseType_:xd
rest:tb
returnValue_:df
riter:Yc
root_iter:ef
s_len:ff
s_pos:uc
sb:$f
scheduled_QMARK_:yd
seen:pe
setImmediate_:gf
sourceIter:qe
str:bb
stringConstValueWithSecurityContract__googStringSecurityPrivate_:ag
superClass_:hf
sym:cc
tagName_:bg
timeoutId_:zd
timeoutInterval_:Zc
timeout_:jf
transient_map:dc
tree:Cb
tree_map:ub
typeCount_:Ad
unicode:tg
unmarshaller:cg
unpack:Bd
useSetImmediate_:dg
useXhr2Timeout_:re
uuid:Mb
val:A
validator:se
vals:Cd
vec:eb
verbose:$c
watches:Da
watchesArr:te
watching:ec
withCredentials_:ue
wrapCallback_:eg
xf:vb
xform:Dd
xhrOptions_:Ed
xhr_:X
xmlHttpFactory_:Fd
